/newhome/madjp/data/zeros/zeros_99146000.dat
/newhome/madjp/data/zeros/zeros_101246000.dat
/newhome/madjp/data/zeros/zeros_103346000.dat
/newhome/madjp/data/zeros/zeros_105446000.dat
/newhome/madjp/data/zeros/zeros_107546000.dat
/newhome/madjp/data/zeros/zeros_109646000.dat
/newhome/madjp/data/zeros/zeros_111746000.dat
/newhome/madjp/data/zeros/zeros_113846000.dat
/newhome/madjp/data/zeros/zeros_115946000.dat
/newhome/madjp/data/zeros/zeros_118046000.dat
/newhome/madjp/data/zeros/zeros_120146000.dat
/newhome/madjp/data/zeros/zeros_122246000.dat
/newhome/madjp/data/zeros/zeros_124346000.dat
/newhome/madjp/data/zeros/zeros_126446000.dat
/newhome/madjp/data/zeros/zeros_128546000.dat
/newhome/madjp/data/zeros/zeros_130646000.dat
/newhome/madjp/data/zeros/zeros_132746000.dat
/newhome/madjp/data/zeros/zeros_134846000.dat
/newhome/madjp/data/zeros/zeros_136946000.dat
/newhome/madjp/data/zeros/zeros_139046000.dat
/newhome/madjp/data/zeros/zeros_141146000.dat
/newhome/madjp/data/zeros/zeros_143246000.dat
/newhome/madjp/data/zeros/zeros_145346000.dat
/newhome/madjp/data/zeros/zeros_147446000.dat
/newhome/madjp/data/zeros/zeros_149546000.dat
/newhome/madjp/data/zeros/zeros_151646000.dat
/newhome/madjp/data/zeros/zeros_153746000.dat
/newhome/madjp/data/zeros/zeros_155846000.dat
/newhome/madjp/data/zeros/zeros_157946000.dat
/newhome/madjp/data/zeros/zeros_160046000.dat
/newhome/madjp/data/zeros/zeros_162146000.dat
/newhome/madjp/data/zeros/zeros_164246000.dat
/newhome/madjp/data/zeros/zeros_166346000.dat
/newhome/madjp/data/zeros/zeros_168446000.dat
/newhome/madjp/data/zeros/zeros_170546000.dat
/newhome/madjp/data/zeros/zeros_172646000.dat
/newhome/madjp/data/zeros/zeros_174746000.dat
/newhome/madjp/data/zeros/zeros_176846000.dat
/newhome/madjp/data/zeros/zeros_178946000.dat
/newhome/madjp/data/zeros/zeros_181046000.dat
/newhome/madjp/data/zeros/zeros_183146000.dat
/newhome/madjp/data/zeros/zeros_185246000.dat
/newhome/madjp/data/zeros/zeros_187346000.dat
/newhome/madjp/data/zeros/zeros_189446000.dat
/newhome/madjp/data/zeros/zeros_191546000.dat
/newhome/madjp/data/zeros/zeros_193646000.dat
/newhome/madjp/data/zeros/zeros_195746000.dat
/newhome/madjp/data/zeros/zeros_197846000.dat
/newhome/madjp/data/zeros/zeros_199946000.dat
/newhome/madjp/data/zeros/zeros_202046000.dat
/newhome/madjp/data/zeros/zeros_204146000.dat
/newhome/madjp/data/zeros/zeros_206246000.dat
/newhome/madjp/data/zeros/zeros_208346000.dat
/newhome/madjp/data/zeros/zeros_210446000.dat
/newhome/madjp/data/zeros/zeros_212546000.dat
/newhome/madjp/data/zeros/zeros_214646000.dat
/newhome/madjp/data/zeros/zeros_216746000.dat
/newhome/madjp/data/zeros/zeros_218846000.dat
/newhome/madjp/data/zeros/zeros_220946000.dat
/newhome/madjp/data/zeros/zeros_223046000.dat
/newhome/madjp/data/zeros/zeros_225146000.dat
/newhome/madjp/data/zeros/zeros_227246000.dat
/newhome/madjp/data/zeros/zeros_229346000.dat
/newhome/madjp/data/zeros/zeros_231446000.dat
/newhome/madjp/data/zeros/zeros_233546000.dat
/newhome/madjp/data/zeros/zeros_235646000.dat
/newhome/madjp/data/zeros/zeros_237746000.dat
/newhome/madjp/data/zeros/zeros_239846000.dat
/newhome/madjp/data/zeros/zeros_241946000.dat
/newhome/madjp/data/zeros/zeros_244046000.dat
/newhome/madjp/data/zeros/zeros_246146000.dat
/newhome/madjp/data/zeros/zeros_248246000.dat
/newhome/madjp/data/zeros/zeros_250346000.dat
/newhome/madjp/data/zeros/zeros_252446000.dat
/newhome/madjp/data/zeros/zeros_254546000.dat
/newhome/madjp/data/zeros/zeros_256646000.dat
/newhome/madjp/data/zeros/zeros_258746000.dat
/newhome/madjp/data/zeros/zeros_260846000.dat
/newhome/madjp/data/zeros/zeros_262946000.dat
/newhome/madjp/data/zeros/zeros_265046000.dat
/newhome/madjp/data/zeros/zeros_267146000.dat
/newhome/madjp/data/zeros/zeros_269246000.dat
/newhome/madjp/data/zeros/zeros_271346000.dat
/newhome/madjp/data/zeros/zeros_273446000.dat
/newhome/madjp/data/zeros/zeros_275546000.dat
/newhome/madjp/data/zeros/zeros_277646000.dat
/newhome/madjp/data/zeros/zeros_279746000.dat
/newhome/madjp/data/zeros/zeros_281846000.dat
/newhome/madjp/data/zeros/zeros_283946000.dat
/newhome/madjp/data/zeros/zeros_286046000.dat
/newhome/madjp/data/zeros/zeros_288146000.dat
/newhome/madjp/data/zeros/zeros_290246000.dat
/newhome/madjp/data/zeros/zeros_292346000.dat
/newhome/madjp/data/zeros/zeros_294446000.dat
/newhome/madjp/data/zeros/zeros_296546000.dat
/newhome/madjp/data/zeros/zeros_298646000.dat
/newhome/madjp/data/zeros/zeros_300746000.dat
/newhome/madjp/data/zeros/zeros_302846000.dat
/newhome/madjp/data/zeros/zeros_304946000.dat
/newhome/madjp/data/zeros/zeros_307046000.dat
/newhome/madjp/data/zeros/zeros_309146000.dat
/newhome/madjp/data/zeros/zeros_311246000.dat
/newhome/madjp/data/zeros/zeros_313346000.dat
/newhome/madjp/data/zeros/zeros_315446000.dat
/newhome/madjp/data/zeros/zeros_317546000.dat
/newhome/madjp/data/zeros/zeros_319646000.dat
/newhome/madjp/data/zeros/zeros_321746000.dat
/newhome/madjp/data/zeros/zeros_323846000.dat
/newhome/madjp/data/zeros/zeros_325946000.dat
/newhome/madjp/data/zeros/zeros_328046000.dat
/newhome/madjp/data/zeros/zeros_330146000.dat
/newhome/madjp/data/zeros/zeros_332246000.dat
/newhome/madjp/data/zeros/zeros_334346000.dat
/newhome/madjp/data/zeros/zeros_336446000.dat
/newhome/madjp/data/zeros/zeros_338546000.dat
/newhome/madjp/data/zeros/zeros_340646000.dat
/newhome/madjp/data/zeros/zeros_342746000.dat
/newhome/madjp/data/zeros/zeros_344846000.dat
/newhome/madjp/data/zeros/zeros_346946000.dat
/newhome/madjp/data/zeros/zeros_349046000.dat
/newhome/madjp/data/zeros/zeros_351146000.dat
/newhome/madjp/data/zeros/zeros_353246000.dat
/newhome/madjp/data/zeros/zeros_355346000.dat
/newhome/madjp/data/zeros/zeros_357446000.dat
/newhome/madjp/data/zeros/zeros_359546000.dat
/newhome/madjp/data/zeros/zeros_361646000.dat
/newhome/madjp/data/zeros/zeros_363746000.dat
/newhome/madjp/data/zeros/zeros_365846000.dat
/newhome/madjp/data/zeros/zeros_367946000.dat
/newhome/madjp/data/zeros/zeros_370046000.dat
/newhome/madjp/data/zeros/zeros_372146000.dat
/newhome/madjp/data/zeros/zeros_374246000.dat
/newhome/madjp/data/zeros/zeros_376346000.dat
/newhome/madjp/data/zeros/zeros_378446000.dat
/newhome/madjp/data/zeros/zeros_380546000.dat
/newhome/madjp/data/zeros/zeros_382646000.dat
/newhome/madjp/data/zeros/zeros_384746000.dat
/newhome/madjp/data/zeros/zeros_386846000.dat
/newhome/madjp/data/zeros/zeros_388946000.dat
/newhome/madjp/data/zeros/zeros_391046000.dat
/newhome/madjp/data/zeros/zeros_393146000.dat
/newhome/madjp/data/zeros/zeros_395246000.dat
/newhome/madjp/data/zeros/zeros_397346000.dat
/newhome/madjp/data/zeros/zeros_399446000.dat
/newhome/madjp/data/zeros/zeros_401546000.dat
/newhome/madjp/data/zeros/zeros_403646000.dat
/newhome/madjp/data/zeros/zeros_405746000.dat
/newhome/madjp/data/zeros/zeros_407846000.dat
/newhome/madjp/data/zeros/zeros_409946000.dat
/newhome/madjp/data/zeros/zeros_412046000.dat
/newhome/madjp/data/zeros/zeros_414146000.dat
/newhome/madjp/data/zeros/zeros_416246000.dat
/newhome/madjp/data/zeros/zeros_418346000.dat
/newhome/madjp/data/zeros/zeros_420446000.dat
/newhome/madjp/data/zeros/zeros_422546000.dat
/newhome/madjp/data/zeros/zeros_424646000.dat
/newhome/madjp/data/zeros/zeros_426746000.dat
/newhome/madjp/data/zeros/zeros_428846000.dat
/newhome/madjp/data/zeros/zeros_430946000.dat
/newhome/madjp/data/zeros/zeros_433046000.dat
/newhome/madjp/data/zeros/zeros_435146000.dat
/newhome/madjp/data/zeros/zeros_437246000.dat
/newhome/madjp/data/zeros/zeros_439346000.dat
/newhome/madjp/data/zeros/zeros_441446000.dat
/newhome/madjp/data/zeros/zeros_443546000.dat
/newhome/madjp/data/zeros/zeros_445646000.dat
/newhome/madjp/data/zeros/zeros_447746000.dat
/newhome/madjp/data/zeros/zeros_449846000.dat
/newhome/madjp/data/zeros/zeros_451946000.dat
/newhome/madjp/data/zeros/zeros_454046000.dat
/newhome/madjp/data/zeros/zeros_456146000.dat
/newhome/madjp/data/zeros/zeros_458246000.dat
/newhome/madjp/data/zeros/zeros_460346000.dat
/newhome/madjp/data/zeros/zeros_462446000.dat
/newhome/madjp/data/zeros/zeros_464546000.dat
/newhome/madjp/data/zeros/zeros_466646000.dat
/newhome/madjp/data/zeros/zeros_468746000.dat
/newhome/madjp/data/zeros/zeros_470846000.dat
/newhome/madjp/data/zeros/zeros_472946000.dat
/newhome/madjp/data/zeros/zeros_475046000.dat
/newhome/madjp/data/zeros/zeros_477146000.dat
/newhome/madjp/data/zeros/zeros_479246000.dat
/newhome/madjp/data/zeros/zeros_481346000.dat
/newhome/madjp/data/zeros/zeros_483446000.dat
/newhome/madjp/data/zeros/zeros_485546000.dat
/newhome/madjp/data/zeros/zeros_487646000.dat
/newhome/madjp/data/zeros/zeros_489746000.dat
/newhome/madjp/data/zeros/zeros_491846000.dat
/newhome/madjp/data/zeros/zeros_493946000.dat
/newhome/madjp/data/zeros/zeros_496046000.dat
/newhome/madjp/data/zeros/zeros_498146000.dat
/newhome/madjp/data/zeros/zeros_500246000.dat
/newhome/madjp/data/zeros/zeros_502346000.dat
/newhome/madjp/data/zeros/zeros_504446000.dat
/newhome/madjp/data/zeros/zeros_506546000.dat
/newhome/madjp/data/zeros/zeros_508646000.dat
/newhome/madjp/data/zeros/zeros_510746000.dat
/newhome/madjp/data/zeros/zeros_512846000.dat
/newhome/madjp/data/zeros/zeros_514946000.dat
/newhome/madjp/data/zeros/zeros_517046000.dat
/newhome/madjp/data/zeros/zeros_519146000.dat
/newhome/madjp/data/zeros/zeros_521246000.dat
/newhome/madjp/data/zeros/zeros_523346000.dat
/newhome/madjp/data/zeros/zeros_525446000.dat
/newhome/madjp/data/zeros/zeros_527546000.dat
/newhome/madjp/data/zeros/zeros_529646000.dat
/newhome/madjp/data/zeros/zeros_531746000.dat
/newhome/madjp/data/zeros/zeros_533846000.dat
/newhome/madjp/data/zeros/zeros_535946000.dat
/newhome/madjp/data/zeros/zeros_538046000.dat
/newhome/madjp/data/zeros/zeros_540146000.dat
/newhome/madjp/data/zeros/zeros_542246000.dat
/newhome/madjp/data/zeros/zeros_544346000.dat
/newhome/madjp/data/zeros/zeros_546446000.dat
/newhome/madjp/data/zeros/zeros_548546000.dat
/newhome/madjp/data/zeros/zeros_550646000.dat
/newhome/madjp/data/zeros/zeros_552746000.dat
/newhome/madjp/data/zeros/zeros_554846000.dat
/newhome/madjp/data/zeros/zeros_556946000.dat
/newhome/madjp/data/zeros/zeros_559046000.dat
/newhome/madjp/data/zeros/zeros_561146000.dat
/newhome/madjp/data/zeros/zeros_563246000.dat
/newhome/madjp/data/zeros/zeros_565346000.dat
/newhome/madjp/data/zeros/zeros_567446000.dat
/newhome/madjp/data/zeros/zeros_569546000.dat
/newhome/madjp/data/zeros/zeros_571646000.dat
/newhome/madjp/data/zeros/zeros_573746000.dat
/newhome/madjp/data/zeros/zeros_575846000.dat
/newhome/madjp/data/zeros/zeros_577946000.dat
/newhome/madjp/data/zeros/zeros_580046000.dat
/newhome/madjp/data/zeros/zeros_582146000.dat
/newhome/madjp/data/zeros/zeros_584246000.dat
/newhome/madjp/data/zeros/zeros_586346000.dat
/newhome/madjp/data/zeros/zeros_588446000.dat
/newhome/madjp/data/zeros/zeros_590546000.dat
/newhome/madjp/data/zeros/zeros_592646000.dat
/newhome/madjp/data/zeros/zeros_594746000.dat
/newhome/madjp/data/zeros/zeros_596846000.dat
/newhome/madjp/data/zeros/zeros_598946000.dat
/newhome/madjp/data/zeros/zeros_601046000.dat
/newhome/madjp/data/zeros/zeros_603146000.dat
/newhome/madjp/data/zeros/zeros_605246000.dat
/newhome/madjp/data/zeros/zeros_607346000.dat
/newhome/madjp/data/zeros/zeros_609446000.dat
/newhome/madjp/data/zeros/zeros_611546000.dat
/newhome/madjp/data/zeros/zeros_613646000.dat
/newhome/madjp/data/zeros/zeros_615746000.dat
/newhome/madjp/data/zeros/zeros_617846000.dat
/newhome/madjp/data/zeros/zeros_619946000.dat
/newhome/madjp/data/zeros/zeros_622046000.dat
/newhome/madjp/data/zeros/zeros_624146000.dat
/newhome/madjp/data/zeros/zeros_626246000.dat
/newhome/madjp/data/zeros/zeros_628346000.dat
/newhome/madjp/data/zeros/zeros_630446000.dat
/newhome/madjp/data/zeros/zeros_632546000.dat
/newhome/madjp/data/zeros/zeros_634646000.dat
/newhome/madjp/data/zeros/zeros_636746000.dat
/newhome/madjp/data/zeros/zeros_638846000.dat
/newhome/madjp/data/zeros/zeros_640946000.dat
/newhome/madjp/data/zeros/zeros_643046000.dat
/newhome/madjp/data/zeros/zeros_645146000.dat
/newhome/madjp/data/zeros/zeros_647246000.dat
/newhome/madjp/data/zeros/zeros_649346000.dat
/newhome/madjp/data/zeros/zeros_651446000.dat
/newhome/madjp/data/zeros/zeros_653546000.dat
/newhome/madjp/data/zeros/zeros_655646000.dat
/newhome/madjp/data/zeros/zeros_657746000.dat
/newhome/madjp/data/zeros/zeros_659846000.dat
/newhome/madjp/data/zeros/zeros_661946000.dat
/newhome/madjp/data/zeros/zeros_664046000.dat
/newhome/madjp/data/zeros/zeros_666146000.dat
/newhome/madjp/data/zeros/zeros_668246000.dat
/newhome/madjp/data/zeros/zeros_670346000.dat
/newhome/madjp/data/zeros/zeros_672446000.dat
/newhome/madjp/data/zeros/zeros_674546000.dat
/newhome/madjp/data/zeros/zeros_676646000.dat
/newhome/madjp/data/zeros/zeros_678746000.dat
/newhome/madjp/data/zeros/zeros_680846000.dat
/newhome/madjp/data/zeros/zeros_682946000.dat
/newhome/madjp/data/zeros/zeros_685046000.dat
/newhome/madjp/data/zeros/zeros_687146000.dat
/newhome/madjp/data/zeros/zeros_689246000.dat
/newhome/madjp/data/zeros/zeros_691346000.dat
/newhome/madjp/data/zeros/zeros_693446000.dat
/newhome/madjp/data/zeros/zeros_695546000.dat
/newhome/madjp/data/zeros/zeros_697646000.dat
/newhome/madjp/data/zeros/zeros_699746000.dat
/newhome/madjp/data/zeros/zeros_701846000.dat
/newhome/madjp/data/zeros/zeros_703946000.dat
/newhome/madjp/data/zeros/zeros_706046000.dat
/newhome/madjp/data/zeros/zeros_708146000.dat
/newhome/madjp/data/zeros/zeros_710246000.dat
/newhome/madjp/data/zeros/zeros_712346000.dat
/newhome/madjp/data/zeros/zeros_714446000.dat
/newhome/madjp/data/zeros/zeros_716546000.dat
/newhome/madjp/data/zeros/zeros_718646000.dat
/newhome/madjp/data/zeros/zeros_720746000.dat
/newhome/madjp/data/zeros/zeros_722846000.dat
/newhome/madjp/data/zeros/zeros_724946000.dat
/newhome/madjp/data/zeros/zeros_727046000.dat
/newhome/madjp/data/zeros/zeros_729146000.dat
/newhome/madjp/data/zeros/zeros_731246000.dat
/newhome/madjp/data/zeros/zeros_733346000.dat
/newhome/madjp/data/zeros/zeros_735446000.dat
/newhome/madjp/data/zeros/zeros_737546000.dat
/newhome/madjp/data/zeros/zeros_739646000.dat
/newhome/madjp/data/zeros/zeros_741746000.dat
/newhome/madjp/data/zeros/zeros_743846000.dat
/newhome/madjp/data/zeros/zeros_745946000.dat
/newhome/madjp/data/zeros/zeros_748046000.dat
/newhome/madjp/data/zeros/zeros_750146000.dat
/newhome/madjp/data/zeros/zeros_752246000.dat
/newhome/madjp/data/zeros/zeros_754346000.dat
/newhome/madjp/data/zeros/zeros_756446000.dat
/newhome/madjp/data/zeros/zeros_758546000.dat
/newhome/madjp/data/zeros/zeros_760646000.dat
/newhome/madjp/data/zeros/zeros_762746000.dat
/newhome/madjp/data/zeros/zeros_764846000.dat
/newhome/madjp/data/zeros/zeros_766946000.dat
/newhome/madjp/data/zeros/zeros_769046000.dat
